  Γû▓ Next.js 14.2.35
  - Environments: .env.local

   Creating an optimized production build ...
 Γ£ô (pwa) Compiling for server...
 Γ£ô (pwa) Compiling for server...
 Γ£ô (pwa) Compiling for client (static)...
 Γùï (pwa) Service worker: C:\Users\nanda\Downloads\TripSang\client\public\sw.js
 Γùï (pwa)   URL: /sw.js
 Γùï (pwa)   Scope: /
 Γ£ô Compiled successfully
   Linting and checking validity of types ...

./src/app/admin/announcements/page.tsx
39:31  Warning: Unexpected any. Specify a different type.  @typescript-eslint/no-explicit-any

./src/app/admin/content/page.tsx
7:53  Warning: 'AlertTriangle' is defined but never used.  @typescript-eslint/no-unused-vars
8:5  Warning: 'Clock' is defined but never used.  @typescript-eslint/no-unused-vars
8:12  Warning: 'CheckCircle' is defined but never used.  @typescript-eslint/no-unused-vars
8:25  Warning: 'XCircle' is defined but never used.  @typescript-eslint/no-unused-vars
8:34  Warning: 'Eye' is defined but never used.  @typescript-eslint/no-unused-vars
64:31  Warning: Unexpected any. Specify a different type.  @typescript-eslint/no-explicit-any
68:8  Warning: React Hook useEffect has a missing dependency: 'fetchMemories'. Either include it or remove the dependency array.  react-hooks/exhaustive-deps
199:61  Warning: Using `<img>` could result in slower LCP and higher bandwidth. Consider using `<Image />` from `next/image` to automatically optimize images. This may incur additional usage or cost from your provider. See: https://nextjs.org/docs/messages/no-img-element  @next/next/no-img-element

./src/app/admin/dashboard/page.tsx
27:31  Warning: Unexpected any. Specify a different type.  @typescript-eslint/no-explicit-any

./src/app/admin/layout.tsx
39:44  Warning: Unexpected any. Specify a different type.  @typescript-eslint/no-explicit-any
57:27  Warning: Unexpected any. Specify a different type.  @typescript-eslint/no-explicit-any

./src/app/admin/payments/page.tsx
7:56  Warning: 'Search' is defined but never used.  @typescript-eslint/no-unused-vars
44:31  Warning: Unexpected any. Specify a different type.  @typescript-eslint/no-explicit-any
47:8  Warning: React Hook useEffect has a missing dependency: 'fetchPayments'. Either include it or remove the dependency array.  react-hooks/exhaustive-deps
64:18  Warning: 'err' is defined but never used.  @typescript-eslint/no-unused-vars

./src/app/admin/reports/page.tsx
62:44  Warning: Unexpected any. Specify a different type.  @typescript-eslint/no-explicit-any
270:57  Warning: Using `<img>` could result in slower LCP and higher bandwidth. Consider using `<Image />` from `next/image` to automatically optimize images. This may incur additional usage or cost from your provider. See: https://nextjs.org/docs/messages/no-img-element  @next/next/no-img-element

./src/app/admin/settings/page.tsx
23:31  Warning: Unexpected any. Specify a different type.  @typescript-eslint/no-explicit-any

./src/app/admin/trips/page.tsx
20:20  Warning: Unexpected any. Specify a different type.  @typescript-eslint/no-explicit-any
32:31  Warning: Unexpected any. Specify a different type.  @typescript-eslint/no-explicit-any
35:8  Warning: React Hook useEffect has a missing dependency: 'fetchTrips'. Either include it or remove the dependency array.  react-hooks/exhaustive-deps
42:18  Warning: 'err' is defined but never used.  @typescript-eslint/no-unused-vars
57:23  Warning: Unexpected any. Specify a different type.  @typescript-eslint/no-explicit-any

./src/app/admin/users/page.tsx
46:31  Warning: Unexpected any. Specify a different type.  @typescript-eslint/no-explicit-any
49:8  Warning: React Hook useEffect has a missing dependency: 'fetchUsers'. Either include it or remove the dependency array.  react-hooks/exhaustive-deps
54:28  Warning: Unexpected any. Specify a different type.  @typescript-eslint/no-explicit-any
63:18  Warning: 'err' is defined but never used.  @typescript-eslint/no-unused-vars
77:23  Warning: Unexpected any. Specify a different type.  @typescript-eslint/no-explicit-any
89:23  Warning: Unexpected any. Specify a different type.  @typescript-eslint/no-explicit-any
104:23  Warning: Unexpected any. Specify a different type.  @typescript-eslint/no-explicit-any
194:111  Warning: Unexpected any. Specify a different type.  @typescript-eslint/no-explicit-any

./src/app/admin/verify/page.tsx
33:31  Warning: Unexpected any. Specify a different type.  @typescript-eslint/no-explicit-any
34:8  Warning: React Hook useEffect has a missing dependency: 'fetchRequests'. Either include it or remove the dependency array.  react-hooks/exhaustive-deps
59:23  Warning: Unexpected any. Specify a different type.  @typescript-eslint/no-explicit-any
88:45  Warning: Using `<img>` could result in slower LCP and higher bandwidth. Consider using `<Image />` from `next/image` to automatically optimize images. This may incur additional usage or cost from your provider. See: https://nextjs.org/docs/messages/no-img-element  @next/next/no-img-element
147:45  Warning: Using `<img>` could result in slower LCP and higher bandwidth. Consider using `<Image />` from `next/image` to automatically optimize images. This may incur additional usage or cost from your provider. See: https://nextjs.org/docs/messages/no-img-element  @next/next/no-img-element
153:45  Warning: Using `<img>` could result in slower LCP and higher bandwidth. Consider using `<Image />` from `next/image` to automatically optimize images. This may incur additional usage or cost from your provider. See: https://nextjs.org/docs/messages/no-img-element  @next/next/no-img-element
159:45  Warning: Using `<img>` could result in slower LCP and higher bandwidth. Consider using `<Image />` from `next/image` to automatically optimize images. This may incur additional usage or cost from your provider. See: https://nextjs.org/docs/messages/no-img-element  @next/next/no-img-element

./src/app/app/communities/page.tsx
8:18  Warning: 'AnimatePresence' is defined but never used.  @typescript-eslint/no-unused-vars
9:61  Warning: 'TrendingUp' is defined but never used.  @typescript-eslint/no-unused-vars
34:13  Warning: 'apiUrl' is assigned a value but never used.  @typescript-eslint/no-unused-vars
92:8  Warning: React Hook useEffect has missing dependencies: 'loading' and 'session?.user'. Either include them or remove the dependency array.  react-hooks/exhaustive-deps
92:17  Warning: React Hook useEffect has a complex expression in the dependency array. Extract it to a separate variable so it can be statically checked.  react-hooks/exhaustive-deps
92:35  Warning: Unexpected any. Specify a different type.  @typescript-eslint/no-explicit-any
95:39  Warning: Unexpected any. Specify a different type.  @typescript-eslint/no-explicit-any
129:51  Warning: Unexpected any. Specify a different type.  @typescript-eslint/no-explicit-any

./src/app/app/communities/[id]/page.tsx
7:28  Warning: 'Loader2' is defined but never used.  @typescript-eslint/no-unused-vars
50:13  Warning: 'apiUrl' is assigned a value but never used.  @typescript-eslint/no-unused-vars
65:45  Warning: Unexpected any. Specify a different type.  @typescript-eslint/no-explicit-any
117:41  Warning: Unexpected any. Specify a different type.  @typescript-eslint/no-explicit-any
138:35  Warning: Unexpected any. Specify a different type.  @typescript-eslint/no-explicit-any
159:8  Warning: React Hook useEffect has a missing dependency: 'session?.user'. Either include it or remove the dependency array.  react-hooks/exhaustive-deps

./src/app/app/explore/page.tsx
6:18  Warning: 'AnimatePresence' is defined but never used.  @typescript-eslint/no-unused-vars
9:12  Warning: 'Hash' is defined but never used.  @typescript-eslint/no-unused-vars
14:8  Warning: 'toast' is defined but never used.  @typescript-eslint/no-unused-vars
32:20  Warning: Unexpected any. Specify a different type.  @typescript-eslint/no-explicit-any
64:45  Warning: Unexpected any. Specify a different type.  @typescript-eslint/no-explicit-any
99:11  Warning: 'fetchFriends' is assigned a value but never used.  @typescript-eslint/no-unused-vars
105:33  Warning: Unexpected any. Specify a different type.  @typescript-eslint/no-explicit-any
114:11  Warning: 'fetchTrips' is assigned a value but never used.  @typescript-eslint/no-unused-vars
127:25  Warning: Unexpected any. Specify a different type.  @typescript-eslint/no-explicit-any
172:18  Warning: 'error' is defined but never used.  @typescript-eslint/no-unused-vars
180:8  Warning: React Hook useCallback has an unnecessary dependency: 'refreshKey'. Either exclude it or remove the dependency array.  react-hooks/exhaustive-deps
206:37  Warning: Unexpected any. Specify a different type.  @typescript-eslint/no-explicit-any
225:29  Warning: Unexpected any. Specify a different type.  @typescript-eslint/no-explicit-any
241:22  Warning: 'err' is defined but never used.  @typescript-eslint/no-unused-vars
254:8  Warning: React Hook useEffect has missing dependencies: 'extractTravelersFromTrips' and 'fetchCommunities'. Either include them or remove the dependency array.  react-hooks/exhaustive-deps
260:8  Warning: React Hook useEffect has missing dependencies: 'fetchTravelers', 'friendIds', 'loading', and 'status'. Either include them or remove the dependency array.  react-hooks/exhaustive-deps

./src/app/app/layout.tsx
7:18  Warning: 'AnimatePresence' is defined but never used.  @typescript-eslint/no-unused-vars

./src/app/app/page.tsx
7:18  Warning: 'AnimatePresence' is defined but never used.  @typescript-eslint/no-unused-vars
21:56  Warning: Unexpected any. Specify a different type.  @typescript-eslint/no-explicit-any
22:50  Warning: Unexpected any. Specify a different type.  @typescript-eslint/no-explicit-any
23:46  Warning: Unexpected any. Specify a different type.  @typescript-eslint/no-explicit-any
58:46  Warning: Unexpected any. Specify a different type.  @typescript-eslint/no-explicit-any
63:39  Warning: Unexpected any. Specify a different type.  @typescript-eslint/no-explicit-any
68:52  Warning: Unexpected any. Specify a different type.  @typescript-eslint/no-explicit-any
82:47  Warning: Unexpected any. Specify a different type.  @typescript-eslint/no-explicit-any
119:45  Warning: Unexpected any. Specify a different type.  @typescript-eslint/no-explicit-any
168:43  Warning: Unexpected any. Specify a different type.  @typescript-eslint/no-explicit-any
201:23  Warning: Unexpected any. Specify a different type.  @typescript-eslint/no-explicit-any
211:29  Warning: Unexpected any. Specify a different type.  @typescript-eslint/no-explicit-any
332:11  Warning: 'handlePinMessage' is assigned a value but never used.  @typescript-eslint/no-unused-vars
332:31  Warning: 'msgId' is defined but never used.  @typescript-eslint/no-unused-vars

./src/app/app/settings/page.tsx
37:34  Warning: Unexpected any. Specify a different type.  @typescript-eslint/no-explicit-any

./src/app/app/squads/page.tsx
8:35  Warning: 'ChevronRight' is defined but never used.  @typescript-eslint/no-unused-vars
130:95  Warning: Unexpected any. Specify a different type.  @typescript-eslint/no-explicit-any
137:61  Warning: Using `<img>` could result in slower LCP and higher bandwidth. Consider using `<Image />` from `next/image` to automatically optimize images. This may incur additional usage or cost from your provider. See: https://nextjs.org/docs/messages/no-img-element  @next/next/no-img-element

./src/app/app/squads/[id]/page.tsx
6:8  Warning: 'NavRail' is defined but never used.  @typescript-eslint/no-unused-vars
9:10  Warning: 'ArrowLeft' is defined but never used.  @typescript-eslint/no-unused-vars

./src/app/auth/phone-login/page.tsx
24:66  Warning: Unexpected any. Specify a different type.  @typescript-eslint/no-explicit-any
65:30  Warning: 'response' is defined but never used.  @typescript-eslint/no-unused-vars
65:40  Warning: Unexpected any. Specify a different type.  @typescript-eslint/no-explicit-any
75:25  Warning: Unexpected any. Specify a different type.  @typescript-eslint/no-explicit-any
144:25  Warning: Unexpected any. Specify a different type.  @typescript-eslint/no-explicit-any
231:25  Warning: Unexpected any. Specify a different type.  @typescript-eslint/no-explicit-any
432:28  Warning: `'` can be escaped with `&apos;`, `&lsquo;`, `&#39;`, `&rsquo;`.  react/no-unescaped-entities
459:28  Warning: Unexpected any. Specify a different type.  @typescript-eslint/no-explicit-any

./src/app/auth/signin/page.tsx
16:19  Warning: 'session' is assigned a value but never used.  @typescript-eslint/no-unused-vars
74:18  Warning: 'error' is defined but never used.  @typescript-eslint/no-unused-vars

./src/app/auth/signup/page.tsx
13:63  Warning: 'Shield' is defined but never used.  @typescript-eslint/no-unused-vars
19:19  Warning: 'session' is assigned a value but never used.  @typescript-eslint/no-unused-vars
27:66  Warning: Unexpected any. Specify a different type.  @typescript-eslint/no-explicit-any
104:30  Warning: 'response' is defined but never used.  @typescript-eslint/no-unused-vars
104:40  Warning: Unexpected any. Specify a different type.  @typescript-eslint/no-explicit-any
114:25  Warning: Unexpected any. Specify a different type.  @typescript-eslint/no-explicit-any
144:25  Warning: Unexpected any. Specify a different type.  @typescript-eslint/no-explicit-any
185:25  Warning: Unexpected any. Specify a different type.  @typescript-eslint/no-explicit-any
242:25  Warning: Unexpected any. Specify a different type.  @typescript-eslint/no-explicit-any
582:28  Warning: Unexpected any. Specify a different type.  @typescript-eslint/no-explicit-any

./src/app/contact/page.tsx
4:24  Warning: 'Phone' is defined but never used.  @typescript-eslint/no-unused-vars

./src/app/dashboard/page.tsx
22:58  Warning: Unexpected any. Specify a different type.  @typescript-eslint/no-explicit-any
25:56  Warning: Unexpected any. Specify a different type.  @typescript-eslint/no-explicit-any
26:48  Warning: Unexpected any. Specify a different type.  @typescript-eslint/no-explicit-any
30:58  Warning: Unexpected any. Specify a different type.  @typescript-eslint/no-explicit-any
69:54  Warning: Unexpected any. Specify a different type.  @typescript-eslint/no-explicit-any
70:50  Warning: Unexpected any. Specify a different type.  @typescript-eslint/no-explicit-any
82:40  Warning: Unexpected any. Specify a different type.  @typescript-eslint/no-explicit-any
146:82  Warning: Unexpected any. Specify a different type.  @typescript-eslint/no-explicit-any
147:45  Warning: Using `<img>` could result in slower LCP and higher bandwidth. Consider using `<Image />` from `next/image` to automatically optimize images. This may incur additional usage or cost from your provider. See: https://nextjs.org/docs/messages/no-img-element  @next/next/no-img-element
149:93  Warning: Unexpected any. Specify a different type.  @typescript-eslint/no-explicit-any
173:67  Warning: Unexpected any. Specify a different type.  @typescript-eslint/no-explicit-any
253:57  Warning: Using `<img>` could result in slower LCP and higher bandwidth. Consider using `<Image />` from `next/image` to automatically optimize images. This may incur additional usage or cost from your provider. See: https://nextjs.org/docs/messages/no-img-element  @next/next/no-img-element
373:61  Warning: Using `<img>` could result in slower LCP and higher bandwidth. Consider using `<Image />` from `next/image` to automatically optimize images. This may incur additional usage or cost from your provider. See: https://nextjs.org/docs/messages/no-img-element  @next/next/no-img-element

./src/app/friends/page.tsx
33:19  Warning: 'session' is assigned a value but never used.  @typescript-eslint/no-unused-vars
93:25  Warning: Unexpected any. Specify a different type.  @typescript-eslint/no-explicit-any
107:25  Warning: Unexpected any. Specify a different type.  @typescript-eslint/no-explicit-any
121:25  Warning: Unexpected any. Specify a different type.  @typescript-eslint/no-explicit-any
137:25  Warning: Unexpected any. Specify a different type.  @typescript-eslint/no-explicit-any

./src/app/gallery/page.tsx
3:31  Warning: 'useCallback' is defined but never used.  @typescript-eslint/no-unused-vars
7:21  Warning: 'uploadAPI' is defined but never used.  @typescript-eslint/no-unused-vars
28:5  Warning: 'X' is defined but never used.  @typescript-eslint/no-unused-vars
43:24  Warning: Unexpected any. Specify a different type.  @typescript-eslint/no-explicit-any
47:53  Warning: Unexpected any. Specify a different type.  @typescript-eslint/no-explicit-any
47:68  Warning: Unexpected any. Specify a different type.  @typescript-eslint/no-explicit-any
55:28  Warning: Unexpected any. Specify a different type.  @typescript-eslint/no-explicit-any
99:14  Warning: Unexpected any. Specify a different type.  @typescript-eslint/no-explicit-any
113:12  Warning: 'activePhotoIndex' is assigned a value but never used.  @typescript-eslint/no-unused-vars
113:30  Warning: 'setActivePhotoIndex' is assigned a value but never used.  @typescript-eslint/no-unused-vars
408:67  Warning: Unexpected any. Specify a different type.  @typescript-eslint/no-explicit-any
495:8  Warning: React Hook useEffect has a missing dependency: 'fetchMemories'. Either include it or remove the dependency array.  react-hooks/exhaustive-deps
557:18  Warning: 'error' is defined but never used.  @typescript-eslint/no-unused-vars
574:18  Warning: 'error' is defined but never used.  @typescript-eslint/no-unused-vars

./src/app/help-support/page.tsx
98:109  Warning: `'` can be escaped with `&apos;`, `&lsquo;`, `&#39;`, `&rsquo;`.  react/no-unescaped-entities
134:54  Warning: `"` can be escaped with `&quot;`, `&ldquo;`, `&#34;`, `&rdquo;`.  react/no-unescaped-entities
134:68  Warning: `"` can be escaped with `&quot;`, `&ldquo;`, `&#34;`, `&rdquo;`.  react/no-unescaped-entities
142:34  Warning: `'` can be escaped with `&apos;`, `&lsquo;`, `&#39;`, `&rsquo;`.  react/no-unescaped-entities
142:50  Warning: `'` can be escaped with `&apos;`, `&lsquo;`, `&#39;`, `&rsquo;`.  react/no-unescaped-entities

./src/app/legal/about/page.tsx
26:40  Warning: `'` can be escaped with `&apos;`, `&lsquo;`, `&#39;`, `&rsquo;`.  react/no-unescaped-entities

./src/app/legal/community-guidelines/page.tsx
32:60  Warning: `'` can be escaped with `&apos;`, `&lsquo;`, `&#39;`, `&rsquo;`.  react/no-unescaped-entities
32:120  Warning: `'` can be escaped with `&apos;`, `&lsquo;`, `&#39;`, `&rsquo;`.  react/no-unescaped-entities
35:174  Warning: `'` can be escaped with `&apos;`, `&lsquo;`, `&#39;`, `&rsquo;`.  react/no-unescaped-entities
57:82  Warning: `'` can be escaped with `&apos;`, `&lsquo;`, `&#39;`, `&rsquo;`.  react/no-unescaped-entities
71:106  Warning: `'` can be escaped with `&apos;`, `&lsquo;`, `&#39;`, `&rsquo;`.  react/no-unescaped-entities

./src/app/legal/safety-tips/page.tsx
9:95  Warning: `'` can be escaped with `&apos;`, `&lsquo;`, `&#39;`, `&rsquo;`.  react/no-unescaped-entities
59:144  Warning: `'` can be escaped with `&apos;`, `&lsquo;`, `&#39;`, `&rsquo;`.  react/no-unescaped-entities
59:165  Warning: `"` can be escaped with `&quot;`, `&ldquo;`, `&#34;`, `&rdquo;`.  react/no-unescaped-entities
59:172  Warning: `"` can be escaped with `&quot;`, `&ldquo;`, `&#34;`, `&rdquo;`.  react/no-unescaped-entities
69:122  Warning: `'` can be escaped with `&apos;`, `&lsquo;`, `&#39;`, `&rsquo;`.  react/no-unescaped-entities

./src/app/legal/terms/page.tsx
10:176  Warning: `"` can be escaped with `&quot;`, `&ldquo;`, `&#34;`, `&rdquo;`.  react/no-unescaped-entities
10:180  Warning: `"` can be escaped with `&quot;`, `&ldquo;`, `&#34;`, `&rdquo;`.  react/no-unescaped-entities
10:197  Warning: `"` can be escaped with `&quot;`, `&ldquo;`, `&#34;`, `&rdquo;`.  react/no-unescaped-entities
10:200  Warning: `"` can be escaped with `&quot;`, `&ldquo;`, `&#34;`, `&rdquo;`.  react/no-unescaped-entities
10:203  Warning: `"` can be escaped with `&quot;`, `&ldquo;`, `&#34;`, `&rdquo;`.  react/no-unescaped-entities
10:206  Warning: `"` can be escaped with `&quot;`, `&ldquo;`, `&#34;`, `&rdquo;`.  react/no-unescaped-entities
10:212  Warning: `"` can be escaped with `&quot;`, `&ldquo;`, `&#34;`, `&rdquo;`.  react/no-unescaped-entities
10:216  Warning: `"` can be escaped with `&quot;`, `&ldquo;`, `&#34;`, `&rdquo;`.  react/no-unescaped-entities

./src/app/my-plan/page.tsx
9:13  Warning: 'Calendar' is defined but never used.  @typescript-eslint/no-unused-vars
29:54  Warning: Unexpected any. Specify a different type.  @typescript-eslint/no-explicit-any

./src/app/my-trips/page.tsx
10:46  Warning: 'Clock' is defined but never used.  @typescript-eslint/no-unused-vars
22:19  Warning: Unexpected any. Specify a different type.  @typescript-eslint/no-explicit-any
50:8  Warning: React Hook useEffect has a missing dependency: 'fetchTrips'. Either include it or remove the dependency array.  react-hooks/exhaustive-deps
198:135  Warning: Unexpected any. Specify a different type.  @typescript-eslint/no-explicit-any
202:89  Warning: Unexpected any. Specify a different type.  @typescript-eslint/no-explicit-any

./src/app/not-found.tsx
1:25  Warning: 'ArrowLeft' is defined but never used.  @typescript-eslint/no-unused-vars

./src/app/payment/signup/page.tsx
9:10  Warning: 'Check' is defined but never used.  @typescript-eslint/no-unused-vars
13:19  Warning: Unexpected any. Specify a different type.  @typescript-eslint/no-explicit-any
23:68  Warning: Unexpected any. Specify a different type.  @typescript-eslint/no-explicit-any
36:8  Warning: React Hook useEffect has missing dependencies: 'checkPaymentRequirement' and 'router'. Either include them or remove the dependency array.  react-hooks/exhaustive-deps
56:25  Warning: Unexpected any. Specify a different type.  @typescript-eslint/no-explicit-any
68:60  Warning: Unexpected any. Specify a different type.  @typescript-eslint/no-explicit-any
68:91  Warning: Unexpected any. Specify a different type.  @typescript-eslint/no-explicit-any
72:27  Warning: Unexpected any. Specify a different type.  @typescript-eslint/no-explicit-any
95:48  Warning: Unexpected any. Specify a different type.  @typescript-eslint/no-explicit-any
111:31  Warning: Unexpected any. Specify a different type.  @typescript-eslint/no-explicit-any
128:44  Warning: Unexpected any. Specify a different type.  @typescript-eslint/no-explicit-any
159:52  Warning: Unexpected any. Specify a different type.  @typescript-eslint/no-explicit-any
175:35  Warning: Unexpected any. Specify a different type.  @typescript-eslint/no-explicit-any
192:48  Warning: Unexpected any. Specify a different type.  @typescript-eslint/no-explicit-any
198:58  Warning: Unexpected any. Specify a different type.  @typescript-eslint/no-explicit-any
204:25  Warning: Unexpected any. Specify a different type.  @typescript-eslint/no-explicit-any

./src/app/profile/edit/page.tsx
16:19  Warning: 'session' is assigned a value but never used.  @typescript-eslint/no-unused-vars
23:66  Warning: Unexpected any. Specify a different type.  @typescript-eslint/no-explicit-any
158:26  Warning: 'e' is defined but never used.  @typescript-eslint/no-unused-vars
180:25  Warning: Unexpected any. Specify a different type.  @typescript-eslint/no-explicit-any
190:26  Warning: 'e' is defined but never used.  @typescript-eslint/no-unused-vars
214:25  Warning: Unexpected any. Specify a different type.  @typescript-eslint/no-explicit-any

./src/app/profile/[id]/page.tsx
11:50  Warning: 'ArrowLeft' is defined but never used.  @typescript-eslint/no-unused-vars
34:20  Warning: Unexpected any. Specify a different type.  @typescript-eslint/no-explicit-any
61:8  Warning: React Hook useEffect has missing dependencies: 'fetchFriendsCount' and 'fetchUserProfile'. Either include them or remove the dependency array.  react-hooks/exhaustive-deps
67:8  Warning: React Hook useEffect has missing dependencies: 'fetchFriendStatus' and 'session'. Either include them or remove the dependency array.  react-hooks/exhaustive-deps
79:23  Warning: Unexpected any. Specify a different type.  @typescript-eslint/no-explicit-any
145:23  Warning: Unexpected any. Specify a different type.  @typescript-eslint/no-explicit-any
235:45  Warning: Using `<img>` could result in slower LCP and higher bandwidth. Consider using `<Image />` from `next/image` to automatically optimize images. This may incur additional usage or cost from your provider. See: https://nextjs.org/docs/messages/no-img-element  @next/next/no-img-element

./src/app/search/page.tsx
21:40  Warning: Unexpected any. Specify a different type.  @typescript-eslint/no-explicit-any
59:27  Warning: Unexpected any. Specify a different type.  @typescript-eslint/no-explicit-any
84:25  Warning: Unexpected any. Specify a different type.  @typescript-eslint/no-explicit-any
126:25  Warning: Unexpected any. Specify a different type.  @typescript-eslint/no-explicit-any

./src/app/settings/linked-accounts/page.tsx
25:66  Warning: Unexpected any. Specify a different type.  @typescript-eslint/no-explicit-any
47:25  Warning: Unexpected any. Specify a different type.  @typescript-eslint/no-explicit-any
90:25  Warning: Unexpected any. Specify a different type.  @typescript-eslint/no-explicit-any
130:25  Warning: Unexpected any. Specify a different type.  @typescript-eslint/no-explicit-any
158:25  Warning: Unexpected any. Specify a different type.  @typescript-eslint/no-explicit-any
369:28  Warning: Unexpected any. Specify a different type.  @typescript-eslint/no-explicit-any

./src/app/sitemap.ts
53:43  Warning: Unexpected any. Specify a different type.  @typescript-eslint/no-explicit-any

./src/app/trips/create/page.tsx
14:43  Warning: 'MapPin' is defined but never used.  @typescript-eslint/no-unused-vars
14:51  Warning: 'DollarSign' is defined but never used.  @typescript-eslint/no-unused-vars
14:63  Warning: 'Users' is defined but never used.  @typescript-eslint/no-unused-vars
41:19  Warning: 'session' is assigned a value but never used.  @typescript-eslint/no-unused-vars
219:25  Warning: Unexpected any. Specify a different type.  @typescript-eslint/no-explicit-any
298:84  Warning: `'` can be escaped with `&apos;`, `&lsquo;`, `&#39;`, `&rsquo;`.  react/no-unescaped-entities

./src/app/trips/[id]/TripDetailsClient.tsx
28:47  Warning: Unexpected any. Specify a different type.  @typescript-eslint/no-explicit-any
29:45  Warning: Unexpected any. Specify a different type.  @typescript-eslint/no-explicit-any
90:37  Warning: Unexpected any. Specify a different type.  @typescript-eslint/no-explicit-any
102:29  Warning: Unexpected any. Specify a different type.  @typescript-eslint/no-explicit-any
136:25  Warning: Unexpected any. Specify a different type.  @typescript-eslint/no-explicit-any
158:25  Warning: Unexpected any. Specify a different type.  @typescript-eslint/no-explicit-any
213:25  Warning: Unexpected any. Specify a different type.  @typescript-eslint/no-explicit-any
392:61  Warning: Unexpected any. Specify a different type.  @typescript-eslint/no-explicit-any
427:59  Warning: Unexpected any. Specify a different type.  @typescript-eslint/no-explicit-any

./src/app/verify/id/page.tsx
11:19  Warning: 'session' is assigned a value but never used.  @typescript-eslint/no-unused-vars
30:11  Warning: 'backInputRef' is assigned a value but never used.  @typescript-eslint/no-unused-vars
139:25  Warning: Unexpected any. Specify a different type.  @typescript-eslint/no-explicit-any

./src/app/verify/page.tsx
16:19  Warning: 'session' is assigned a value but never used.  @typescript-eslint/no-unused-vars
51:34  Warning: 'response' is defined but never used.  @typescript-eslint/no-unused-vars
51:44  Warning: Unexpected any. Specify a different type.  @typescript-eslint/no-explicit-any
59:29  Warning: Unexpected any. Specify a different type.  @typescript-eslint/no-explicit-any
109:25  Warning: Unexpected any. Specify a different type.  @typescript-eslint/no-explicit-any
181:36  Warning: Unexpected any. Specify a different type.  @typescript-eslint/no-explicit-any
185:25  Warning: Unexpected any. Specify a different type.  @typescript-eslint/no-explicit-any
369:28  Warning: Unexpected any. Specify a different type.  @typescript-eslint/no-explicit-any

./src/auth.ts
69:33  Warning: Unexpected any. Specify a different type.  @typescript-eslint/no-explicit-any
128:33  Warning: Unexpected any. Specify a different type.  @typescript-eslint/no-explicit-any
136:39  Warning: 'profile' is defined but never used.  @typescript-eslint/no-unused-vars
209:34  Warning: 'account' is defined but never used.  @typescript-eslint/no-unused-vars

./src/components/app/ChatView.tsx
7:10  Warning: 'messageAPI' is defined but never used.  @typescript-eslint/no-unused-vars
7:33  Warning: 'communityAPI' is defined but never used.  @typescript-eslint/no-unused-vars
9:10  Warning: 'createPortal' is defined but never used.  @typescript-eslint/no-unused-vars
10:18  Warning: 'useMotionValue' is defined but never used.  @typescript-eslint/no-unused-vars
32:8  Warning: 'GlassCard' is defined but never used.  @typescript-eslint/no-unused-vars
67:11  Warning: 'SquadMember' is defined but never used.  @typescript-eslint/no-unused-vars
101:62  Warning: Unexpected any. Specify a different type.  @typescript-eslint/no-explicit-any
111:12  Warning: 'showRemoveMemberModal' is assigned a value but never used.  @typescript-eslint/no-unused-vars
144:41  Warning: Unexpected any. Specify a different type.  @typescript-eslint/no-explicit-any
153:41  Warning: Unexpected any. Specify a different type.  @typescript-eslint/no-explicit-any
188:74  Warning: Unexpected any. Specify a different type.  @typescript-eslint/no-explicit-any
219:8  Warning: React Hook useCallback has a missing dependency: 'session?.user?.accessToken'. Either include it or remove the dependency array.  react-hooks/exhaustive-deps
228:51  Warning: Unexpected any. Specify a different type.  @typescript-eslint/no-explicit-any
252:56  Warning: Unexpected any. Specify a different type.  @typescript-eslint/no-explicit-any
253:13  Warning: 'formattedMessage' is never reassigned. Use 'const' instead.  prefer-const
280:41  Warning: 'userId' is defined but never used.  @typescript-eslint/no-unused-vars
287:52  Warning: Unexpected any. Specify a different type.  @typescript-eslint/no-explicit-any
344:8  Warning: React Hook useEffect has a missing dependency: 'session?.user?.accessToken'. Either include it or remove the dependency array.  react-hooks/exhaustive-deps
360:8  Warning: React Hook useEffect has a missing dependency: 'messages.length'. Either include it or remove the dependency array.  react-hooks/exhaustive-deps
381:8  Warning: React Hook useEffect has a missing dependency: 'session?.user?.accessToken'. Either include it or remove the dependency array.  react-hooks/exhaustive-deps
403:8  Warning: React Hook useEffect has a missing dependency: 'session?.user?.accessToken'. Either include it or remove the dependency array.  react-hooks/exhaustive-deps
498:19  Warning: 'token' is assigned a value but never used.  @typescript-eslint/no-unused-vars
546:31  Warning: 'data' is assigned a value but never used.  @typescript-eslint/no-unused-vars
613:39  Warning: Unexpected any. Specify a different type.  @typescript-eslint/no-explicit-any
626:48  Warning: Unexpected any. Specify a different type.  @typescript-eslint/no-explicit-any
626:78  Warning: Unexpected any. Specify a different type.  @typescript-eslint/no-explicit-any
633:37  Warning: Unexpected any. Specify a different type.  @typescript-eslint/no-explicit-any
634:36  Warning: Unexpected any. Specify a different type.  @typescript-eslint/no-explicit-any
648:53  Warning: Unexpected any. Specify a different type.  @typescript-eslint/no-explicit-any
1288:82  Warning: Unexpected any. Specify a different type.  @typescript-eslint/no-explicit-any
1343:96  Warning: Unexpected any. Specify a different type.  @typescript-eslint/no-explicit-any
1345:106  Warning: Unexpected any. Specify a different type.  @typescript-eslint/no-explicit-any
1387:88  Warning: Unexpected any. Specify a different type.  @typescript-eslint/no-explicit-any
1404:87  Warning: `"` can be escaped with `&quot;`, `&ldquo;`, `&#34;`, `&rdquo;`.  react/no-unescaped-entities
1404:95  Warning: `"` can be escaped with `&quot;`, `&ldquo;`, `&#34;`, `&rdquo;`.  react/no-unescaped-entities
1409:87  Warning: Unexpected any. Specify a different type.  @typescript-eslint/no-explicit-any
1447:108  Warning: Unexpected any. Specify a different type.  @typescript-eslint/no-explicit-any
1465:96  Warning: Unexpected any. Specify a different type.  @typescript-eslint/no-explicit-any
1496:120  Warning: Unexpected any. Specify a different type.  @typescript-eslint/no-explicit-any
1543:5  Warning: 'isMobile' is defined but never used.  @typescript-eslint/no-unused-vars
1732:10  Warning: 'isPinned' is defined but never used.  @typescript-eslint/no-unused-vars

./src/components/app/ConversationList.tsx
7:43  Warning: 'RefreshCw' is defined but never used.  @typescript-eslint/no-unused-vars
9:22  Warning: 'tripAPI' is defined but never used.  @typescript-eslint/no-unused-vars
36:7  Warning: 'DEFAULT_AVATAR' is assigned a value but never used.  @typescript-eslint/no-unused-vars
62:70  Warning: Unexpected any. Specify a different type.  @typescript-eslint/no-explicit-any
88:25  Warning: Unexpected any. Specify a different type.  @typescript-eslint/no-explicit-any
123:43  Warning: Unexpected any. Specify a different type.  @typescript-eslint/no-explicit-any
154:8  Warning: React Hook useEffect has a missing dependency: 'session?.user?.accessToken'. Either include it or remove the dependency array.  react-hooks/exhaustive-deps

./src/components/app/NavRail.tsx
35:26  Warning: 'setUnreadSquads' is assigned a value but never used.  @typescript-eslint/no-unused-vars
128:54  Warning: 'index' is defined but never used.  @typescript-eslint/no-unused-vars

./src/components/chat/ChatInput.tsx
4:43  Warning: 'Paperclip' is defined but never used.  @typescript-eslint/no-unused-vars
133:29  Warning: Using `<img>` could result in slower LCP and higher bandwidth. Consider using `<Image />` from `next/image` to automatically optimize images. This may incur additional usage or cost from your provider. See: https://nextjs.org/docs/messages/no-img-element  @next/next/no-img-element

./src/components/chat/ChatList.tsx
4:24  Warning: 'User' is defined but never used.  @typescript-eslint/no-unused-vars
4:30  Warning: 'Users' is defined but never used.  @typescript-eslint/no-unused-vars
8:20  Warning: Unexpected any. Specify a different type.  @typescript-eslint/no-explicit-any
10:26  Warning: Unexpected any. Specify a different type.  @typescript-eslint/no-explicit-any
96:45  Warning: Using `<img>` could result in slower LCP and higher bandwidth. Consider using `<Image />` from `next/image` to automatically optimize images. This may incur additional usage or cost from your provider. See: https://nextjs.org/docs/messages/no-img-element  @next/next/no-img-element

./src/components/chat/ChatSidebar.tsx
7:40  Warning: 'Plus' is defined but never used.  @typescript-eslint/no-unused-vars

./src/components/chat/ChatView.tsx
10:15  Warning: Unexpected any. Specify a different type.  @typescript-eslint/no-explicit-any
11:18  Warning: Unexpected any. Specify a different type.  @typescript-eslint/no-explicit-any
36:5  Warning: 'isMobile' is defined but never used.  @typescript-eslint/no-unused-vars
43:44  Warning: Unexpected any. Specify a different type.  @typescript-eslint/no-explicit-any
55:43  Warning: Unexpected any. Specify a different type.  @typescript-eslint/no-explicit-any
75:31  Warning: Unexpected any. Specify a different type.  @typescript-eslint/no-explicit-any
107:25  Warning: Using `<img>` could result in slower LCP and higher bandwidth. Consider using `<Image />` from `next/image` to automatically optimize images. This may incur additional usage or cost from your provider. See: https://nextjs.org/docs/messages/no-img-element  @next/next/no-img-element

./src/components/chat/CommunityMessageBubble.tsx
28:89  Warning: 'isMobile' is defined but never used.  @typescript-eslint/no-unused-vars

./src/components/chat/MessageBubble.tsx
36:21  Warning: Unexpected any. Specify a different type.  @typescript-eslint/no-explicit-any
63:109  Warning: Unexpected any. Specify a different type.  @typescript-eslint/no-explicit-any
152:29  Warning: Using `<img>` could result in slower LCP and higher bandwidth. Consider using `<Image />` from `next/image` to automatically optimize images. This may incur additional usage or cost from your provider. See: https://nextjs.org/docs/messages/no-img-element  @next/next/no-img-element

./src/components/CollaborativeMap.tsx
13:10  Warning: 'Share2' is defined but never used.  @typescript-eslint/no-unused-vars
20:9  Warning: 'size' is never reassigned. Use 'const' instead.  prefer-const
105:38  Warning: Unexpected any. Specify a different type.  @typescript-eslint/no-explicit-any
119:73  Warning: 'e' is defined but never used.  @typescript-eslint/no-unused-vars
148:47  Warning: Unexpected any. Specify a different type.  @typescript-eslint/no-explicit-any
157:56  Warning: Unexpected any. Specify a different type.  @typescript-eslint/no-explicit-any
185:71  Warning: 'e' is defined but never used.  @typescript-eslint/no-unused-vars
185:74  Warning: Unexpected any. Specify a different type.  @typescript-eslint/no-explicit-any
207:73  Warning: 'e' is defined but never used.  @typescript-eslint/no-unused-vars
213:26  Warning: 'e' is defined but never used.  @typescript-eslint/no-unused-vars
218:8  Warning: React Hook useEffect has missing dependencies: 'endPoint', 'startPoint.name', and 'waypoints'. Either include them or remove the dependency array.  react-hooks/exhaustive-deps
218:88  Warning: React Hook useEffect has a complex expression in the dependency array. Extract it to a separate variable so it can be statically checked.  react-hooks/exhaustive-deps
294:11  Warning: 'handleUndo' is assigned a value but never used.  @typescript-eslint/no-unused-vars

./src/components/common/DeleteAccountButton.tsx
30:25  Warning: Unexpected any. Specify a different type.  @typescript-eslint/no-explicit-any

./src/components/common/PushNotificationManager.tsx
74:25  Warning: Unexpected any. Specify a different type.  @typescript-eslint/no-explicit-any

./src/components/community/CreateCommunityModal.tsx
5:43  Warning: 'ImageIcon' is defined but never used.  @typescript-eslint/no-unused-vars
13:28  Warning: Unexpected any. Specify a different type.  @typescript-eslint/no-explicit-any
99:25  Warning: Unexpected any. Specify a different type.  @typescript-eslint/no-explicit-any

./src/components/CommunityDetailsModal.tsx
3:20  Warning: 'Calendar' is defined but never used.  @typescript-eslint/no-unused-vars
13:16  Warning: Unexpected any. Specify a different type.  @typescript-eslint/no-explicit-any
45:25  Warning: Unexpected any. Specify a different type.  @typescript-eslint/no-explicit-any
54:45  Warning: Unexpected any. Specify a different type.  @typescript-eslint/no-explicit-any
54:75  Warning: Unexpected any. Specify a different type.  @typescript-eslint/no-explicit-any
57:51  Warning: Unexpected any. Specify a different type.  @typescript-eslint/no-explicit-any
98:11  Warning: 'MembersView' is assigned a value but never used.  @typescript-eslint/no-unused-vars
113:54  Warning: Unexpected any. Specify a different type.  @typescript-eslint/no-explicit-any
291:66  Warning: Unexpected any. Specify a different type.  @typescript-eslint/no-explicit-any
455:93  Warning: Unexpected any. Specify a different type.  @typescript-eslint/no-explicit-any
592:84  Warning: `'` can be escaped with `&apos;`, `&lsquo;`, `&#39;`, `&rsquo;`.  react/no-unescaped-entities

./src/components/EditTripModal.tsx
14:47  Warning: Unexpected any. Specify a different type.  @typescript-eslint/no-explicit-any
15:45  Warning: Unexpected any. Specify a different type.  @typescript-eslint/no-explicit-any
28:20  Warning: Unexpected any. Specify a different type.  @typescript-eslint/no-explicit-any
34:29  Warning: Unexpected any. Specify a different type.  @typescript-eslint/no-explicit-any
164:11  Warning: 'uploadImage' is assigned a value but never used.  @typescript-eslint/no-unused-vars
214:26  Warning: 'err' is defined but never used.  @typescript-eslint/no-unused-vars
247:25  Warning: Unexpected any. Specify a different type.  @typescript-eslint/no-explicit-any

./src/components/GoogleAd.tsx
102:17  Warning: Use "@ts-expect-error" instead of "@ts-ignore", as "@ts-ignore" will do nothing if the following line is error-free.  @typescript-eslint/ban-ts-comment

./src/components/Header.tsx
7:16  Warning: 'Search' is defined but never used.  @typescript-eslint/no-unused-vars
7:24  Warning: 'Menu' is defined but never used.  @typescript-eslint/no-unused-vars
7:30  Warning: 'X' is defined but never used.  @typescript-eslint/no-unused-vars
7:33  Warning: 'Zap' is defined but never used.  @typescript-eslint/no-unused-vars
11:8  Warning: 'NotificationDropdown' is defined but never used.  @typescript-eslint/no-unused-vars
24:56  Warning: Unexpected any. Specify a different type.  @typescript-eslint/no-explicit-any
44:50  Warning: Unexpected any. Specify a different type.  @typescript-eslint/no-explicit-any
268:80  Warning: Unexpected any. Specify a different type.  @typescript-eslint/no-explicit-any

./src/components/home/HeroSection.tsx
37:25  Warning: Unexpected any. Specify a different type.  @typescript-eslint/no-explicit-any

./src/components/home/MomentsMarquee.tsx
24:25  Warning: Using `<img>` could result in slower LCP and higher bandwidth. Consider using `<Image />` from `next/image` to automatically optimize images. This may incur additional usage or cost from your provider. See: https://nextjs.org/docs/messages/no-img-element  @next/next/no-img-element
59:34  Warning: Unexpected any. Specify a different type.  @typescript-eslint/no-explicit-any

./src/components/home/MomentsShowcase.tsx
72:37  Warning: Using `<img>` could result in slower LCP and higher bandwidth. Consider using `<Image />` from `next/image` to automatically optimize images. This may incur additional usage or cost from your provider. See: https://nextjs.org/docs/messages/no-img-element  @next/next/no-img-element

./src/components/home/TrendingDestinations.tsx
5:10  Warning: 'MapPin' is defined but never used.  @typescript-eslint/no-unused-vars
32:37  Warning: Using `<img>` could result in slower LCP and higher bandwidth. Consider using `<Image />` from `next/image` to automatically optimize images. This may incur additional usage or cost from your provider. See: https://nextjs.org/docs/messages/no-img-element  @next/next/no-img-element

./src/components/home/UpcomingTrips.tsx
11:40  Warning: Unexpected any. Specify a different type.  @typescript-eslint/no-explicit-any

./src/components/home/VerifiedPartners.tsx
4:18  Warning: 'Award' is defined but never used.  @typescript-eslint/no-unused-vars

./src/components/home/WhyTripSang.tsx
4:69  Warning: 'MessageCircle' is defined but never used.  @typescript-eslint/no-unused-vars
4:84  Warning: 'Heart' is defined but never used.  @typescript-eslint/no-unused-vars

./src/components/ImageLightbox.tsx
1:10  Warning: 'X' is defined but never used.  @typescript-eslint/no-unused-vars
28:12  Warning: 'startPoint' is assigned a value but never used.  @typescript-eslint/no-unused-vars
28:24  Warning: 'setStartPoint' is assigned a value but never used.  @typescript-eslint/no-unused-vars

./src/components/ImageViewer.tsx
4:23  Warning: 'ZoomIn' is defined but never used.  @typescript-eslint/no-unused-vars
4:31  Warning: 'ZoomOut' is defined but never used.  @typescript-eslint/no-unused-vars
5:8  Warning: 'Image' is defined but never used.  @typescript-eslint/no-unused-vars
83:17  Warning: Using `<img>` could result in slower LCP and higher bandwidth. Consider using `<Image />` from `next/image` to automatically optimize images. This may incur additional usage or cost from your provider. See: https://nextjs.org/docs/messages/no-img-element  @next/next/no-img-element

./src/components/InstallPrompt.tsx
9:58  Warning: Unexpected any. Specify a different type.  @typescript-eslint/no-explicit-any
16:34  Warning: Unexpected any. Specify a different type.  @typescript-eslint/no-explicit-any
24:47  Warning: Unexpected any. Specify a different type.  @typescript-eslint/no-explicit-any
75:29  Warning: Using `<img>` could result in slower LCP and higher bandwidth. Consider using `<Image />` from `next/image` to automatically optimize images. This may incur additional usage or cost from your provider. See: https://nextjs.org/docs/messages/no-img-element  @next/next/no-img-element
79:41  Warning: Using `<img>` could result in slower LCP and higher bandwidth. Consider using `<Image />` from `next/image` to automatically optimize images. This may incur additional usage or cost from your provider. See: https://nextjs.org/docs/messages/no-img-element  @next/next/no-img-element

./src/components/MobileNav.tsx
122:29  Warning: Using `<img>` could result in slower LCP and higher bandwidth. Consider using `<Image />` from `next/image` to automatically optimize images. This may incur additional usage or cost from your provider. See: https://nextjs.org/docs/messages/no-img-element  @next/next/no-img-element

./src/components/Navbar.tsx
89:56  Warning: Unexpected any. Specify a different type.  @typescript-eslint/no-explicit-any
140:59  Warning: Unexpected any. Specify a different type.  @typescript-eslint/no-explicit-any

./src/components/navigation/FloatingDock.tsx
10:34  Warning: 'ChevronUp' is defined but never used.  @typescript-eslint/no-unused-vars
76:8  Warning: React Hook useEffect has a missing dependency: 'session?.user'. Either include it or remove the dependency array.  react-hooks/exhaustive-deps
94:8  Warning: React Hook useEffect has a missing dependency: 'session?.user'. Either include it or remove the dependency array.  react-hooks/exhaustive-deps
254:11  Warning: 'index' is defined but never used.  @typescript-eslint/no-unused-vars
254:26  Warning: 'mounted' is defined but never used.  @typescript-eslint/no-unused-vars
257:13  Warning: Unexpected any. Specify a different type.  @typescript-eslint/no-explicit-any

./src/components/ReviewModal.tsx
64:25  Warning: Unexpected any. Specify a different type.  @typescript-eslint/no-explicit-any
95:37  Warning: Using `<img>` could result in slower LCP and higher bandwidth. Consider using `<Image />` from `next/image` to automatically optimize images. This may incur additional usage or cost from your provider. See: https://nextjs.org/docs/messages/no-img-element  @next/next/no-img-element

./src/components/reviews/PendingReviews.tsx
8:8  Warning: 'Link' is defined but never used.  @typescript-eslint/no-unused-vars
16:12  Warning: 'currentIndex' is assigned a value but never used.  @typescript-eslint/no-unused-vars
16:26  Warning: 'setCurrentIndex' is assigned a value but never used.  @typescript-eslint/no-unused-vars

./src/components/reviews/ReviewModal.tsx
60:25  Warning: Unexpected any. Specify a different type.  @typescript-eslint/no-explicit-any

./src/components/reviews/UserReviews.tsx
21:8  Warning: React Hook useEffect has a missing dependency: 'fetchReviews'. Either include it or remove the dependency array.  react-hooks/exhaustive-deps
179:37  Warning: `"` can be escaped with `&quot;`, `&ldquo;`, `&#34;`, `&rdquo;`.  react/no-unescaped-entities
179:54  Warning: `"` can be escaped with `&quot;`, `&ldquo;`, `&#34;`, `&rdquo;`.  react/no-unescaped-entities

./src/components/ShareMemoryModal.tsx
113:25  Warning: Unexpected any. Specify a different type.  @typescript-eslint/no-explicit-any

./src/components/SiteBanner.tsx
75:25  Warning: Using `<img>` could result in slower LCP and higher bandwidth. Consider using `<Image />` from `next/image` to automatically optimize images. This may incur additional usage or cost from your provider. See: https://nextjs.org/docs/messages/no-img-element  @next/next/no-img-element

./src/components/TripCard.tsx
47:19  Warning: 'session' is assigned a value but never used.  @typescript-eslint/no-unused-vars
71:25  Warning: Unexpected any. Specify a different type.  @typescript-eslint/no-explicit-any
92:22  Warning: 'err' is defined but never used.  @typescript-eslint/no-unused-vars
100:18  Warning: 'err' is defined but never used.  @typescript-eslint/no-unused-vars

./src/components/TripMemories.tsx
59:8  Warning: React Hook useEffect has a missing dependency: 'fetchMemories'. Either include it or remove the dependency array.  react-hooks/exhaustive-deps
126:25  Warning: Unexpected any. Specify a different type.  @typescript-eslint/no-explicit-any

./src/components/UserReviews.tsx
13:44  Warning: Unexpected any. Specify a different type.  @typescript-eslint/no-explicit-any
14:40  Warning: Unexpected any. Specify a different type.  @typescript-eslint/no-explicit-any
21:8  Warning: React Hook useEffect has a missing dependency: 'fetchReviews'. Either include it or remove the dependency array.  react-hooks/exhaustive-deps
144:41  Warning: Using `<img>` could result in slower LCP and higher bandwidth. Consider using `<Image />` from `next/image` to automatically optimize images. This may incur additional usage or cost from your provider. See: https://nextjs.org/docs/messages/no-img-element  @next/next/no-img-element
204:45  Warning: `"` can be escaped with `&quot;`, `&ldquo;`, `&#34;`, `&rdquo;`.  react/no-unescaped-entities
204:62  Warning: `"` can be escaped with `&quot;`, `&ldquo;`, `&#34;`, `&rdquo;`.  react/no-unescaped-entities

./src/components/__tests__/LoadingSkeleton.test.tsx
1:18  Warning: 'screen' is defined but never used.  @typescript-eslint/no-unused-vars

./src/contexts/SquadContext.tsx
20:19  Warning: Unexpected any. Specify a different type.  @typescript-eslint/no-explicit-any
21:13  Warning: Unexpected any. Specify a different type.  @typescript-eslint/no-explicit-any
86:15  Warning: 'socket' is assigned a value but never used.  @typescript-eslint/no-unused-vars
88:45  Warning: Unexpected any. Specify a different type.  @typescript-eslint/no-explicit-any

./src/hooks/useDMSocket.ts
6:25  Warning: 'DMNotification' is defined but never used.  @typescript-eslint/no-unused-vars
67:48  Warning: 'userName' is defined but never used.  @typescript-eslint/no-unused-vars

./src/hooks/useSocket.ts
9:27  Warning: Unexpected any. Specify a different type.  @typescript-eslint/no-explicit-any
11:27  Warning: Unexpected any. Specify a different type.  @typescript-eslint/no-explicit-any
12:25  Warning: Unexpected any. Specify a different type.  @typescript-eslint/no-explicit-any
13:33  Warning: Unexpected any. Specify a different type.  @typescript-eslint/no-explicit-any
66:48  Warning: Unexpected any. Specify a different type.  @typescript-eslint/no-explicit-any
74:41  Warning: Unexpected any. Specify a different type.  @typescript-eslint/no-explicit-any
78:39  Warning: Unexpected any. Specify a different type.  @typescript-eslint/no-explicit-any
82:47  Warning: Unexpected any. Specify a different type.  @typescript-eslint/no-explicit-any

./src/lib/api.ts
36:26  Warning: Unexpected any. Specify a different type.  @typescript-eslint/no-explicit-any
40:20  Warning: Unexpected any. Specify a different type.  @typescript-eslint/no-explicit-any
340:41  Warning: Unexpected any. Specify a different type.  @typescript-eslint/no-explicit-any
446:24  Warning: Unexpected any. Specify a different type.  @typescript-eslint/no-explicit-any
645:31  Warning: Unexpected any. Specify a different type.  @typescript-eslint/no-explicit-any
740:42  Warning: Unexpected any. Specify a different type.  @typescript-eslint/no-explicit-any
869:33  Warning: Unexpected any. Specify a different type.  @typescript-eslint/no-explicit-any
936:13  Warning: 'headers' is never reassigned. Use 'const' instead.  prefer-const
985:37  Warning: Unexpected any. Specify a different type.  @typescript-eslint/no-explicit-any
1191:46  Warning: Unexpected any. Specify a different type.  @typescript-eslint/no-explicit-any
1267:1  Warning: Assign object to a variable before exporting as module default  import/no-anonymous-default-export

./src/lib/socketManager.ts
82:56  Warning: Unexpected any. Specify a different type.  @typescript-eslint/no-explicit-any

./src/types/api.ts
7:30  Warning: 'T' is defined but never used.  @typescript-eslint/no-unused-vars

./src/types/next-auth.d.ts
1:8  Warning: 'NextAuth' is defined but never used.  @typescript-eslint/no-unused-vars

./src/utils/linkify.tsx
14:20  Warning: Unexpected any. Specify a different type.  @typescript-eslint/no-explicit-any

info  - Need to disable some ESLint rules? Learn more here: https://nextjs.org/docs/basic-features/eslint#disabling-rules
node.exe : Failed to 
compile.
At line:1 char:1
+ & "C:\Program Files
\nodejs/node.exe" 
"C:\Program 
Files\nodejs/node_mo 
...
+ ~~~~~~~~~~~~~~~~~~~
~~~~~~~~~~~~~~~~~~~~~
~~~~~~~~~~~~~~~~~~~~~
~~~~~~~~
    + CategoryInfo   
           : NotSpe  
  cified: (Failed    
 to compile.:Stri    
ng) [], RemoteEx    
ception
    + FullyQualified 
   ErrorId : Native  
  CommandError
 

./src/app/admin/users
/page.tsx:211:101
Type error: Type '{ 
size: number; 
className: string; 
title: string; }' is 
not assignable to 
type 
'IntrinsicAttributes 
& Omit<LucideProps, 
"ref"> & RefAttribute
s<SVGSVGElement>'.
  Property 'title' 
does not exist on 
type 
'IntrinsicAttributes 
& Omit<LucideProps, 
"ref"> & RefAttribute
s<SVGSVGElement>'.

[0m [90m 209 
|[39m               
                     
             [33m<[
39m[33m/[39m[33msp
an[39m[33m>[39m[0
m
[0m [90m 210 
|[39m               
                     
             {user[3
3m.[39misMobileVerif
ied [33m&&[39m 
([0m
[0m[31m[1m>[22m[
39m[90m 211 |[39m  
                     
                     
         [33m<[39m
[33mSmartphone[39m s
ize[33m=[39m{[35m1
2[39m} className[33
m=[39m[32m"text-blu
e-400"[39m title[33
m=[39m[32m"Phone 
Verified"[39m [33m/
[39m[33m>[39m[0m
[0m [90m     
|[39m               
                     
                     
                     
                     
  [31m[1m^[22m[39
m[0m
[0m [90m 212 
|[39m               
                     
             )}[0m
[0m [90m 213 
|[39m               
                     
             {user[3
3m.[39mverificationS
tatus [33m===[39m 
[32m'verified'[39m 
[33m&&[39m ([0m
[0m [90m 214 
|[39m               
                     
                 [33
m<[39m[33mShield[3
9m size[33m=[39m{[
35m12[39m} className
[33m=[39m[32m"text
-emerald-400"[39m ti
tle[33m=[39m[32m"I
D Verified"[39m [33
m/[39m[33m>[39m[0
m
Next.js build worker 
exited with code: 1 
and signal: null
